// Vitest Snapshot v1, https://vitest.dev/guide/snapshot.html

exports[`HandiBowlsWordmark > matches snapshot 1`] = `
<svg
  aria-label="HandiBowls"
  class="block shrink-0 select-none"
  height="48"
  role="img"
  viewBox="0 0 800 170"
  width="226"
>
  <title>
    HandiBowls
  </title>
  

  <defs />
  

  <text
    class="hb-l-w hb-l-h"
    style="font-family:'Barlow Condensed','Barlow','Arial Narrow',system-ui,sans-serif;font-weight:900;font-style:italic;font-size:132px;letter-spacing:-2px;fill:#0a0a0a"
    x="10"
    y="140"
  >
    HANDI
  </text>
  

  <text
    class="hb-l-w hb-l-b"
    style="font-family:'Barlow Condensed','Barlow','Arial Narrow',system-ui,sans-serif;font-weight:900;font-style:italic;font-size:132px;letter-spacing:-2px;fill:#D7261E"
    x="455"
    y="140"
  >
    BOWLS
  </text>
  

  <g
    transform="translate(320 25) scale(1.25)"
  >
    <defs>
      <clippath
        id="hb-l-clip"
      >
        <circle
          cx="50"
          cy="50"
          r="48"
        />
      </clippath>
      <radialgradient
        cx="32%"
        cy="26%"
        id="hb-l-shine"
        r="75%"
      >
        <stop
          offset="0%"
          stop-color="#fff"
          stop-opacity="0.55"
        />
        <stop
          offset="22%"
          stop-color="#fff"
          stop-opacity="0.18"
        />
        <stop
          offset="55%"
          stop-color="#fff"
          stop-opacity="0"
        />
        <stop
          offset="100%"
          stop-color="#000"
          stop-opacity="0.28"
        />
      </radialgradient>
    </defs>
    <circle
      cx="50"
      cy="50"
      fill="#D7261E"
      r="48"
    />
    <g
      clip-path="url(#hb-l-clip)"
    >
      <circle
        cx="83.58"
        cy="38.79"
        fill="#FAFAF7"
        opacity="0.61"
        r="0.52"
      />
      <circle
        cx="53.52"
        cy="90.43"
        fill="#FAFAF7"
        opacity="0.62"
        r="2.00"
      />
      <circle
        cx="48.07"
        cy="12.78"
        fill="#000000"
        opacity="0.67"
        r="1.40"
      />
      <circle
        cx="48.07"
        cy="67.29"
        fill="#FAFAF7"
        opacity="0.87"
        r="2.11"
      />
      <circle
        cx="32.47"
        cy="49.98"
        fill="#000000"
        opacity="0.56"
        r="1.32"
      />
      <circle
        cx="56.09"
        cy="73.69"
        fill="#000000"
        opacity="0.80"
        r="0.97"
      />
      <circle
        cx="29.22"
        cy="14.35"
        fill="#FAFAF7"
        opacity="0.76"
        r="2.12"
      />
      <circle
        cx="54.60"
        cy="33.44"
        fill="#FAFAF7"
        opacity="0.53"
        r="1.93"
      />
      <circle
        cx="81.75"
        cy="70.59"
        fill="#FAFAF7"
        opacity="0.81"
        r="0.59"
      />
      <circle
        cx="66.96"
        cy="51.17"
        fill="#FAFAF7"
        opacity="0.87"
        r="2.02"
      />
      <circle
        cx="34.97"
        cy="31.71"
        fill="#000000"
        opacity="0.72"
        r="1.92"
      />
      <circle
        cx="44.46"
        cy="13.65"
        fill="#000000"
        opacity="0.61"
        r="0.53"
      />
      <circle
        cx="62.57"
        cy="18.28"
        fill="#FAFAF7"
        opacity="0.81"
        r="0.64"
      />
      <circle
        cx="52.02"
        cy="39.38"
        fill="#FAFAF7"
        opacity="0.67"
        r="1.53"
      />
      <circle
        cx="35.37"
        cy="93.52"
        fill="#000000"
        opacity="0.72"
        r="1.02"
      />
      <circle
        cx="46.04"
        cy="56.83"
        fill="#000000"
        opacity="0.89"
        r="2.24"
      />
      <circle
        cx="70.95"
        cy="50.96"
        fill="#000000"
        opacity="0.91"
        r="2.34"
      />
      <circle
        cx="91.36"
        cy="56.78"
        fill="#000000"
        opacity="0.65"
        r="1.81"
      />
      <circle
        cx="76.18"
        cy="15.70"
        fill="#000000"
        opacity="0.91"
        r="1.11"
      />
      <circle
        cx="61.32"
        cy="90.86"
        fill="#FAFAF7"
        opacity="0.66"
        r="1.92"
      />
      <circle
        cx="44.94"
        cy="31.88"
        fill="#FAFAF7"
        opacity="0.90"
        r="1.91"
      />
      <circle
        cx="58.83"
        cy="27.90"
        fill="#000000"
        opacity="0.61"
        r="2.03"
      />
      <circle
        cx="13.81"
        cy="56.20"
        fill="#000000"
        opacity="0.91"
        r="1.29"
      />
      <circle
        cx="59.54"
        cy="32.58"
        fill="#000000"
        opacity="0.85"
        r="1.14"
      />
      <circle
        cx="46.61"
        cy="83.28"
        fill="#000000"
        opacity="0.93"
        r="1.71"
      />
      <circle
        cx="12.85"
        cy="50.76"
        fill="#FAFAF7"
        opacity="0.80"
        r="1.31"
      />
      <circle
        cx="86.76"
        cy="39.27"
        fill="#000000"
        opacity="0.94"
        r="2.19"
      />
      <circle
        cx="60.63"
        cy="80.59"
        fill="#000000"
        opacity="0.71"
        r="1.64"
      />
      <circle
        cx="81.79"
        cy="43.75"
        fill="#000000"
        opacity="0.80"
        r="2.14"
      />
      <circle
        cx="18.82"
        cy="59.44"
        fill="#FAFAF7"
        opacity="0.56"
        r="1.32"
      />
      <circle
        cx="38.47"
        cy="78.89"
        fill="#FAFAF7"
        opacity="0.66"
        r="2.03"
      />
      <circle
        cx="8.87"
        cy="44.79"
        fill="#FAFAF7"
        opacity="0.79"
        r="0.97"
      />
      <circle
        cx="33.55"
        cy="88.48"
        fill="#000000"
        opacity="0.75"
        r="1.40"
      />
      <circle
        cx="33.98"
        cy="62.07"
        fill="#000000"
        opacity="0.94"
        r="1.68"
      />
      <circle
        cx="28.11"
        cy="73.69"
        fill="#FAFAF7"
        opacity="0.53"
        r="0.55"
      />
      <circle
        cx="18.94"
        cy="16.62"
        fill="#FAFAF7"
        opacity="0.83"
        r="1.73"
      />
      <circle
        cx="86.60"
        cy="38.64"
        fill="#000000"
        opacity="0.65"
        r="1.46"
      />
      <circle
        cx="81.30"
        cy="79.83"
        fill="#FAFAF7"
        opacity="0.91"
        r="0.89"
      />
      <circle
        cx="25.27"
        cy="16.54"
        fill="#FAFAF7"
        opacity="0.78"
        r="1.82"
      />
      <circle
        cx="62.98"
        cy="44.77"
        fill="#FAFAF7"
        opacity="0.82"
        r="1.05"
      />
      <circle
        cx="51.14"
        cy="33.67"
        fill="#000000"
        opacity="0.77"
        r="2.02"
      />
      <circle
        cx="84.44"
        cy="68.53"
        fill="#000000"
        opacity="0.54"
        r="1.10"
      />
      <circle
        cx="87.25"
        cy="23.96"
        fill="#FAFAF7"
        opacity="0.52"
        r="1.24"
      />
      <circle
        cx="47.78"
        cy="93.90"
        fill="#FAFAF7"
        opacity="0.93"
        r="1.93"
      />
      <circle
        cx="24.59"
        cy="63.94"
        fill="#000000"
        opacity="0.68"
        r="1.15"
      />
      <circle
        cx="16.85"
        cy="61.41"
        fill="#FAFAF7"
        opacity="0.55"
        r="1.28"
      />
      <circle
        cx="64.95"
        cy="47.07"
        fill="#000000"
        opacity="0.72"
        r="1.73"
      />
      <circle
        cx="28.33"
        cy="10.89"
        fill="#000000"
        opacity="0.57"
        r="2.20"
      />
      <circle
        cx="8.41"
        cy="40.45"
        fill="#000000"
        opacity="0.88"
        r="2.26"
      />
      <circle
        cx="64.71"
        cy="85.10"
        fill="#000000"
        opacity="0.88"
        r="0.81"
      />
      <circle
        cx="81.74"
        cy="74.89"
        fill="#000000"
        opacity="0.51"
        r="1.71"
      />
      <circle
        cx="72.51"
        cy="46.52"
        fill="#FAFAF7"
        opacity="0.56"
        r="1.37"
      />
      <circle
        cx="17.90"
        cy="32.55"
        fill="#FAFAF7"
        opacity="0.89"
        r="1.62"
      />
      <circle
        cx="40.88"
        cy="35.55"
        fill="#000000"
        opacity="0.94"
        r="1.89"
      />
      <circle
        cx="18.54"
        cy="52.07"
        fill="#FAFAF7"
        opacity="0.54"
        r="1.42"
      />
      <circle
        cx="48.53"
        cy="43.77"
        fill="#000000"
        opacity="0.65"
        r="0.52"
      />
      <circle
        cx="23.66"
        cy="72.72"
        fill="#000000"
        opacity="0.54"
        r="1.82"
      />
      <circle
        cx="69.32"
        cy="19.58"
        fill="#FAFAF7"
        opacity="0.94"
        r="2.14"
      />
      <circle
        cx="77.05"
        cy="24.73"
        fill="#FAFAF7"
        opacity="0.81"
        r="2.26"
      />
      <circle
        cx="59.51"
        cy="64.27"
        fill="#FAFAF7"
        opacity="0.52"
        r="1.21"
      />
      <circle
        cx="56.63"
        cy="50.81"
        fill="#FAFAF7"
        opacity="0.84"
        r="1.53"
      />
      <circle
        cx="13.39"
        cy="53.24"
        fill="#FAFAF7"
        opacity="0.93"
        r="1.17"
      />
      <circle
        cx="90.16"
        cy="38.43"
        fill="#000000"
        opacity="0.65"
        r="0.63"
      />
      <circle
        cx="36.52"
        cy="57.54"
        fill="#FAFAF7"
        opacity="0.63"
        r="2.34"
      />
      <circle
        cx="62.27"
        cy="64.54"
        fill="#FAFAF7"
        opacity="0.69"
        r="0.61"
      />
      <circle
        cx="65.31"
        cy="18.40"
        fill="#FAFAF7"
        opacity="0.54"
        r="1.95"
      />
      <circle
        cx="50.36"
        cy="57.64"
        fill="#FAFAF7"
        opacity="0.63"
        r="2.20"
      />
      <circle
        cx="63.53"
        cy="44.30"
        fill="#000000"
        opacity="0.91"
        r="1.75"
      />
      <circle
        cx="58.55"
        cy="14.46"
        fill="#FAFAF7"
        opacity="0.91"
        r="1.48"
      />
      <circle
        cx="47.16"
        cy="41.91"
        fill="#000000"
        opacity="0.61"
        r="1.92"
      />
      <circle
        cx="67.87"
        cy="38.02"
        fill="#FAFAF7"
        opacity="0.80"
        r="2.23"
      />
      <circle
        cx="30.62"
        cy="64.24"
        fill="#FAFAF7"
        opacity="0.80"
        r="0.41"
      />
      <circle
        cx="35.53"
        cy="75.17"
        fill="#000000"
        opacity="0.84"
        r="2.26"
      />
      <circle
        cx="73.06"
        cy="51.41"
        fill="#FAFAF7"
        opacity="0.69"
        r="1.88"
      />
      <circle
        cx="60.10"
        cy="58.19"
        fill="#000000"
        opacity="0.83"
        r="2.19"
      />
      <circle
        cx="13.38"
        cy="24.07"
        fill="#000000"
        opacity="0.79"
        r="0.58"
      />
      <circle
        cx="87.18"
        cy="63.76"
        fill="#000000"
        opacity="0.50"
        r="1.73"
      />
      <circle
        cx="19.04"
        cy="54.07"
        fill="#FAFAF7"
        opacity="0.88"
        r="0.93"
      />
      <circle
        cx="32.40"
        cy="85.65"
        fill="#000000"
        opacity="0.92"
        r="1.25"
      />
      <circle
        cx="88.97"
        cy="39.50"
        fill="#000000"
        opacity="0.81"
        r="1.40"
      />
      <circle
        cx="84.23"
        cy="59.01"
        fill="#FAFAF7"
        opacity="0.82"
        r="2.02"
      />
      <circle
        cx="29.37"
        cy="15.12"
        fill="#000000"
        opacity="0.92"
        r="1.20"
      />
      <circle
        cx="43.63"
        cy="38.81"
        fill="#000000"
        opacity="0.59"
        r="2.36"
      />
      <circle
        cx="24.90"
        cy="30.42"
        fill="#000000"
        opacity="0.93"
        r="1.16"
      />
      <circle
        cx="35.26"
        cy="12.25"
        fill="#FAFAF7"
        opacity="0.62"
        r="1.04"
      />
      <circle
        cx="73.76"
        cy="18.64"
        fill="#FAFAF7"
        opacity="0.81"
        r="1.65"
      />
      <circle
        cx="39.72"
        cy="58.63"
        fill="#000000"
        opacity="0.93"
        r="1.18"
      />
      <circle
        cx="34.28"
        cy="80.84"
        fill="#FAFAF7"
        opacity="0.57"
        r="2.29"
      />
      <circle
        cx="25.76"
        cy="73.64"
        fill="#000000"
        opacity="0.81"
        r="2.00"
      />
      <circle
        cx="30.45"
        cy="27.06"
        fill="#000000"
        opacity="0.94"
        r="0.99"
      />
      <circle
        cx="92.68"
        cy="52.49"
        fill="#FAFAF7"
        opacity="0.62"
        r="0.72"
      />
      <circle
        cx="91.92"
        cy="59.37"
        fill="#FAFAF7"
        opacity="0.51"
        r="0.49"
      />
      <circle
        cx="86.58"
        cy="76.36"
        fill="#FAFAF7"
        opacity="0.81"
        r="1.96"
      />
      <circle
        cx="50.54"
        cy="93.37"
        fill="#000000"
        opacity="0.58"
        r="0.46"
      />
      <circle
        cx="13.38"
        cy="39.45"
        fill="#000000"
        opacity="0.53"
        r="0.73"
      />
      <circle
        cx="38.42"
        cy="87.34"
        fill="#000000"
        opacity="0.81"
        r="0.76"
      />
      <circle
        cx="57.25"
        cy="74.28"
        fill="#000000"
        opacity="0.95"
        r="1.85"
      />
      <circle
        cx="77.55"
        cy="81.11"
        fill="#000000"
        opacity="0.75"
        r="1.03"
      />
      <circle
        cx="53.82"
        cy="92.11"
        fill="#FAFAF7"
        opacity="0.76"
        r="0.54"
      />
      <circle
        cx="71.37"
        cy="28.32"
        fill="#FAFAF7"
        opacity="0.92"
        r="0.58"
      />
      <circle
        cx="24.04"
        cy="40.01"
        fill="#FAFAF7"
        opacity="0.92"
        r="2.04"
      />
      <circle
        cx="58.89"
        cy="24.07"
        fill="#FAFAF7"
        opacity="0.79"
        r="1.21"
      />
      <circle
        cx="63.07"
        cy="84.22"
        fill="#000000"
        opacity="0.57"
        r="0.79"
      />
      <circle
        cx="47.67"
        cy="30.44"
        fill="#000000"
        opacity="0.62"
        r="1.22"
      />
      <circle
        cx="45.34"
        cy="65.56"
        fill="#000000"
        opacity="0.69"
        r="0.77"
      />
      <circle
        cx="26.74"
        cy="82.81"
        fill="#000000"
        opacity="0.65"
        r="1.02"
      />
      <circle
        cx="65.99"
        cy="13.64"
        fill="#000000"
        opacity="0.62"
        r="0.62"
      />
      <circle
        cx="16.03"
        cy="31.97"
        fill="#FAFAF7"
        opacity="0.75"
        r="0.56"
      />
      <circle
        cx="53.14"
        cy="80.57"
        fill="#FAFAF7"
        opacity="0.72"
        r="1.27"
      />
      <circle
        cx="68.85"
        cy="48.27"
        fill="#FAFAF7"
        opacity="0.53"
        r="0.98"
      />
      <circle
        cx="64.39"
        cy="89.11"
        fill="#000000"
        opacity="0.60"
        r="1.83"
      />
      <circle
        cx="57.16"
        cy="44.89"
        fill="#FAFAF7"
        opacity="0.52"
        r="0.95"
      />
      <circle
        cx="55.68"
        cy="63.98"
        fill="#000000"
        opacity="0.71"
        r="1.31"
      />
      <circle
        cx="43.94"
        cy="91.13"
        fill="#FAFAF7"
        opacity="0.67"
        r="2.12"
      />
      <circle
        cx="49.17"
        cy="20.14"
        fill="#000000"
        opacity="0.60"
        r="1.56"
      />
      <circle
        cx="36.37"
        cy="78.18"
        fill="#000000"
        opacity="0.63"
        r="2.36"
      />
      <circle
        cx="70.40"
        cy="86.60"
        fill="#FAFAF7"
        opacity="0.76"
        r="2.33"
      />
      <circle
        cx="67.86"
        cy="74.32"
        fill="#FAFAF7"
        opacity="0.52"
        r="0.93"
      />
      <circle
        cx="63.42"
        cy="16.30"
        fill="#000000"
        opacity="0.51"
        r="1.42"
      />
      <circle
        cx="50.08"
        cy="52.18"
        fill="#FAFAF7"
        opacity="0.58"
        r="0.53"
      />
      <circle
        cx="89.71"
        cy="44.96"
        fill="#000000"
        opacity="0.88"
        r="2.37"
      />
      <circle
        cx="36.53"
        cy="82.21"
        fill="#FAFAF7"
        opacity="0.58"
        r="1.67"
      />
      <circle
        cx="69.09"
        cy="63.41"
        fill="#000000"
        opacity="0.68"
        r="1.81"
      />
      <circle
        cx="58.98"
        cy="84.73"
        fill="#000000"
        opacity="0.82"
        r="0.79"
      />
      <circle
        cx="60.68"
        cy="34.15"
        fill="#FAFAF7"
        opacity="0.78"
        r="1.53"
      />
      <circle
        cx="71.70"
        cy="35.84"
        fill="#FAFAF7"
        opacity="0.68"
        r="1.41"
      />
      <circle
        cx="91.45"
        cy="48.82"
        fill="#000000"
        opacity="0.62"
        r="2.35"
      />
      <circle
        cx="67.33"
        cy="59.42"
        fill="#000000"
        opacity="0.93"
        r="1.35"
      />
      <circle
        cx="29.99"
        cy="50.25"
        fill="#FAFAF7"
        opacity="0.63"
        r="2.17"
      />
      <circle
        cx="5.35"
        cy="46.80"
        fill="#FAFAF7"
        opacity="0.94"
        r="1.32"
      />
      <circle
        cx="65.12"
        cy="25.74"
        fill="#FAFAF7"
        opacity="0.94"
        r="0.78"
      />
      <circle
        cx="13.88"
        cy="74.52"
        fill="#000000"
        opacity="0.78"
        r="2.01"
      />
      <circle
        cx="77.19"
        cy="64.43"
        fill="#FAFAF7"
        opacity="0.93"
        r="1.41"
      />
      <circle
        cx="56.98"
        cy="89.14"
        fill="#000000"
        opacity="0.80"
        r="0.43"
      />
      <circle
        cx="65.43"
        cy="46.82"
        fill="#FAFAF7"
        opacity="0.84"
        r="1.12"
      />
      <circle
        cx="53.97"
        cy="43.87"
        fill="#FAFAF7"
        opacity="0.78"
        r="1.71"
      />
      <circle
        cx="42.20"
        cy="53.74"
        fill="#FAFAF7"
        opacity="0.59"
        r="1.48"
      />
      <circle
        cx="31.39"
        cy="72.07"
        fill="#FAFAF7"
        opacity="0.55"
        r="2.13"
      />
      <circle
        cx="94.28"
        cy="41.65"
        fill="#000000"
        opacity="0.68"
        r="0.98"
      />
      <circle
        cx="56.89"
        cy="92.37"
        fill="#000000"
        opacity="0.93"
        r="2.29"
      />
      <circle
        cx="29.17"
        cy="84.91"
        fill="#FAFAF7"
        opacity="0.58"
        r="0.98"
      />
      <circle
        cx="84.60"
        cy="54.03"
        fill="#000000"
        opacity="0.85"
        r="1.14"
      />
      <circle
        cx="36.15"
        cy="28.89"
        fill="#000000"
        opacity="0.80"
        r="1.99"
      />
      <circle
        cx="36.66"
        cy="26.57"
        fill="#000000"
        opacity="0.61"
        r="0.95"
      />
      <circle
        cx="26.37"
        cy="85.51"
        fill="#000000"
        opacity="0.89"
        r="0.49"
      />
      <circle
        cx="73.59"
        cy="20.73"
        fill="#000000"
        opacity="0.85"
        r="0.72"
      />
      <circle
        cx="56.26"
        cy="74.73"
        fill="#000000"
        opacity="0.72"
        r="2.21"
      />
      <circle
        cx="74.95"
        cy="52.83"
        fill="#000000"
        opacity="0.94"
        r="1.32"
      />
      <circle
        cx="31.22"
        cy="25.65"
        fill="#000000"
        opacity="0.81"
        r="1.60"
      />
      <circle
        cx="64.63"
        cy="44.26"
        fill="#FAFAF7"
        opacity="0.51"
        r="1.24"
      />
      <circle
        cx="16.43"
        cy="77.48"
        fill="#000000"
        opacity="0.56"
        r="0.48"
      />
      <circle
        cx="16.79"
        cy="52.12"
        fill="#FAFAF7"
        opacity="0.74"
        r="2.11"
      />
      <circle
        cx="55.22"
        cy="43.03"
        fill="#FAFAF7"
        opacity="0.68"
        r="0.43"
      />
      <circle
        cx="18.94"
        cy="32.02"
        fill="#FAFAF7"
        opacity="0.77"
        r="1.17"
      />
      <circle
        cx="34.19"
        cy="74.70"
        fill="#FAFAF7"
        opacity="0.65"
        r="0.49"
      />
      <circle
        cx="56.42"
        cy="23.33"
        fill="#000000"
        opacity="0.56"
        r="1.68"
      />
      <circle
        cx="32.26"
        cy="24.61"
        fill="#000000"
        opacity="0.84"
        r="0.96"
      />
      <circle
        cx="70.94"
        cy="24.91"
        fill="#000000"
        opacity="0.94"
        r="1.00"
      />
      <circle
        cx="79.78"
        cy="15.14"
        fill="#000000"
        opacity="0.62"
        r="0.50"
      />
      <circle
        cx="13.39"
        cy="71.52"
        fill="#000000"
        opacity="0.63"
        r="0.47"
      />
      <circle
        cx="64.97"
        cy="26.42"
        fill="#FAFAF7"
        opacity="0.77"
        r="0.91"
      />
      <circle
        cx="57.11"
        cy="7.93"
        fill="#FAFAF7"
        opacity="0.57"
        r="1.26"
      />
      <circle
        cx="49.43"
        cy="94.94"
        fill="#000000"
        opacity="0.56"
        r="1.78"
      />
      <circle
        cx="57.50"
        cy="45.40"
        fill="#FAFAF7"
        opacity="0.68"
        r="1.96"
      />
      <circle
        cx="72.31"
        cy="67.46"
        fill="#000000"
        opacity="0.60"
        r="1.88"
      />
      <circle
        cx="36.44"
        cy="77.07"
        fill="#000000"
        opacity="0.85"
        r="1.92"
      />
      <circle
        cx="75.09"
        cy="63.17"
        fill="#FAFAF7"
        opacity="0.71"
        r="0.82"
      />
      <circle
        cx="27.93"
        cy="44.51"
        fill="#FAFAF7"
        opacity="0.70"
        r="0.80"
      />
      <circle
        cx="86.23"
        cy="51.37"
        fill="#000000"
        opacity="0.94"
        r="1.54"
      />
      <circle
        cx="25.49"
        cy="61.24"
        fill="#000000"
        opacity="0.92"
        r="1.04"
      />
      <circle
        cx="75.10"
        cy="44.09"
        fill="#FAFAF7"
        opacity="0.55"
        r="0.95"
      />
      <circle
        cx="68.18"
        cy="79.43"
        fill="#FAFAF7"
        opacity="0.75"
        r="1.71"
      />
      <circle
        cx="37.22"
        cy="48.68"
        fill="#FAFAF7"
        opacity="0.73"
        r="1.25"
      />
      <circle
        cx="83.40"
        cy="38.18"
        fill="#FAFAF7"
        opacity="0.81"
        r="2.11"
      />
      <circle
        cx="54.66"
        cy="36.34"
        fill="#000000"
        opacity="0.88"
        r="1.64"
      />
      <circle
        cx="49.29"
        cy="63.36"
        fill="#FAFAF7"
        opacity="0.79"
        r="0.70"
      />
      <circle
        cx="32.48"
        cy="60.51"
        fill="#FAFAF7"
        opacity="0.78"
        r="1.18"
      />
      <circle
        cx="93.45"
        cy="49.78"
        fill="#FAFAF7"
        opacity="0.80"
        r="0.59"
      />
      <circle
        cx="32.37"
        cy="48.51"
        fill="#FAFAF7"
        opacity="0.52"
        r="1.32"
      />
      <circle
        cx="54.43"
        cy="68.09"
        fill="#000000"
        opacity="0.53"
        r="0.78"
      />
      <circle
        cx="53.99"
        cy="86.56"
        fill="#000000"
        opacity="0.68"
        r="2.01"
      />
      <circle
        cx="19.89"
        cy="71.64"
        fill="#000000"
        opacity="0.89"
        r="1.89"
      />
      <circle
        cx="19.10"
        cy="40.95"
        fill="#FAFAF7"
        opacity="0.73"
        r="1.32"
      />
      <circle
        cx="21.98"
        cy="40.63"
        fill="#FAFAF7"
        opacity="0.69"
        r="0.79"
      />
      <circle
        cx="94.20"
        cy="52.77"
        fill="#FAFAF7"
        opacity="0.91"
        r="2.24"
      />
      <circle
        cx="21.43"
        cy="65.11"
        fill="#000000"
        opacity="0.89"
        r="2.27"
      />
      <circle
        cx="15.27"
        cy="19.96"
        fill="#FAFAF7"
        opacity="0.95"
        r="1.29"
      />
      <circle
        cx="39.94"
        cy="18.01"
        fill="#000000"
        opacity="0.55"
        r="0.91"
      />
      <circle
        cx="89.42"
        cy="36.24"
        fill="#000000"
        opacity="0.56"
        r="2.40"
      />
      <circle
        cx="66.47"
        cy="30.72"
        fill="#000000"
        opacity="0.63"
        r="0.60"
      />
      <circle
        cx="66.30"
        cy="48.83"
        fill="#000000"
        opacity="0.71"
        r="0.94"
      />
      <circle
        cx="28.68"
        cy="89.00"
        fill="#000000"
        opacity="0.84"
        r="1.07"
      />
      <circle
        cx="38.24"
        cy="48.72"
        fill="#FAFAF7"
        opacity="0.53"
        r="2.10"
      />
      <circle
        cx="63.19"
        cy="69.05"
        fill="#000000"
        opacity="0.71"
        r="0.78"
      />
      <circle
        cx="58.32"
        cy="79.89"
        fill="#FAFAF7"
        opacity="0.82"
        r="1.10"
      />
      <circle
        cx="45.32"
        cy="4.35"
        fill="#000000"
        opacity="0.91"
        r="1.21"
      />
      <circle
        cx="47.30"
        cy="74.81"
        fill="#FAFAF7"
        opacity="0.56"
        r="0.57"
      />
      <circle
        cx="58.36"
        cy="91.60"
        fill="#000000"
        opacity="0.63"
        r="2.05"
      />
      <circle
        cx="35.66"
        cy="90.09"
        fill="#000000"
        opacity="0.54"
        r="1.85"
      />
      <circle
        cx="24.93"
        cy="48.97"
        fill="#000000"
        opacity="0.78"
        r="1.22"
      />
      <circle
        cx="77.70"
        cy="70.04"
        fill="#000000"
        opacity="0.73"
        r="1.37"
      />
      <circle
        cx="52.81"
        cy="84.53"
        fill="#000000"
        opacity="0.52"
        r="2.09"
      />
      <circle
        cx="67.47"
        cy="55.75"
        fill="#000000"
        opacity="0.92"
        r="1.62"
      />
      <circle
        cx="59.67"
        cy="88.36"
        fill="#000000"
        opacity="0.80"
        r="0.66"
      />
      <circle
        cx="58.43"
        cy="10.37"
        fill="#FAFAF7"
        opacity="0.70"
        r="1.73"
      />
      <circle
        cx="34.59"
        cy="56.67"
        fill="#000000"
        opacity="0.94"
        r="1.12"
      />
      <circle
        cx="38.56"
        cy="39.28"
        fill="#FAFAF7"
        opacity="0.91"
        r="1.83"
      />
      <circle
        cx="68.72"
        cy="39.94"
        fill="#000000"
        opacity="0.82"
        r="1.52"
      />
      <circle
        cx="60.68"
        cy="82.90"
        fill="#FAFAF7"
        opacity="0.53"
        r="1.51"
      />
      <circle
        cx="63.22"
        cy="81.72"
        fill="#000000"
        opacity="0.58"
        r="0.71"
      />
      <circle
        cx="27.89"
        cy="14.65"
        fill="#000000"
        opacity="0.73"
        r="1.93"
      />
      <circle
        cx="26.90"
        cy="67.18"
        fill="#000000"
        opacity="0.65"
        r="1.81"
      />
      <circle
        cx="22.13"
        cy="50.90"
        fill="#FAFAF7"
        opacity="0.63"
        r="1.74"
      />
      <circle
        cx="51.07"
        cy="66.43"
        fill="#FAFAF7"
        opacity="0.64"
        r="1.48"
      />
      <circle
        cx="15.48"
        cy="64.39"
        fill="#000000"
        opacity="0.77"
        r="1.11"
      />
      <circle
        cx="31.01"
        cy="74.04"
        fill="#000000"
        opacity="0.75"
        r="1.31"
      />
      <circle
        cx="32.37"
        cy="57.06"
        fill="#FAFAF7"
        opacity="0.64"
        r="1.35"
      />
      <circle
        cx="67.89"
        cy="53.31"
        fill="#000000"
        opacity="0.76"
        r="1.16"
      />
      <circle
        cx="39.47"
        cy="51.04"
        fill="#FAFAF7"
        opacity="0.74"
        r="1.58"
      />
      <circle
        cx="77.64"
        cy="76.86"
        fill="#000000"
        opacity="0.84"
        r="0.41"
      />
    </g>
    <g
      clip-path="url(#hb-l-clip)"
      opacity="0.85"
    >
      <circle
        cx="50"
        cy="50"
        fill="none"
        r="14"
        stroke="#FFFFFF"
        stroke-opacity="0.55"
        stroke-width="0.6"
      />
      <circle
        cx="50"
        cy="50"
        fill="none"
        r="9"
        stroke="#FFFFFF"
        stroke-opacity="0.35"
        stroke-width="0.5"
      />
      <circle
        cx="50"
        cy="50"
        fill="#FFFFFF"
        fill-opacity="0.75"
        r="2.5"
      />
    </g>
    <circle
      cx="50"
      cy="50"
      fill="url(#hb-l-shine)"
      r="48"
    />
    <circle
      cx="50"
      cy="50"
      fill="none"
      r="48"
      stroke="rgba(0,0,0,0.35)"
      stroke-width="0.6"
    />
  </g>
</svg>
`;
