// Vitest Snapshot v1, https://vitest.dev/guide/snapshot.html

exports[`Button > matches snapshot for primary button 1`] = `
<button
  class="group/button inline-flex shrink-0 items-center justify-center gap-2 rounded-lg border border-transparent bg-clip-padding font-medium whitespace-nowrap transition-all outline-none select-none focus-visible:border-ring focus-visible:ring-3 focus-visible:ring-ring/50 disabled:pointer-events-none disabled:opacity-50 aria-invalid:border-destructive aria-invalid:ring-3 aria-invalid:ring-destructive/20 [&_svg]:pointer-events-none [&_svg]:shrink-0 [&_svg:not([class*='size-'])]:size-4 bg-primary text-primary-foreground hover:bg-primary/90 active:translate-y-px h-11 px-4 text-sm"
  data-size="md"
  data-slot="button"
  data-variant="primary"
>
  Save
</button>
`;
